2024-12-18 17:55:37 INFO  c.e.admin_gradle.InstanceEventLogger - InstanceEventLogger initialized and ready to track application events!
2024-12-18 17:55:38 DEBUG d.c.b.a.s.w.s.AdminControllerHandlerMapping - 18 mappings in 'adminHandlerMapping'
2024-12-18 17:55:39 DEBUG d.c.b.a.s.w.c.c.CookieStoreCleanupTrigger - Subscribed to class de.codecentric.boot.admin.server.domain.events.InstanceDeregisteredEvent events
2024-12-18 17:55:41 DEBUG o.s.c.e.EventListenerMethodProcessor - 3 @EventListener methods processed on bean 'instanceEventLogger': {public void com.example.admin_gradle.InstanceEventLogger.handleInstanceRegisteredEvent(de.codecentric.boot.admin.server.domain.events.InstanceRegisteredEvent)=@org.springframework.context.event.EventListener(classes={}, condition="", id="", value={}), public void com.example.admin_gradle.InstanceEventLogger.handleInstanceDeregisteredEvent(de.codecentric.boot.admin.server.domain.events.InstanceDeregisteredEvent)=@org.springframework.context.event.EventListener(classes={}, condition="", id="", value={}), public void com.example.admin_gradle.InstanceEventLogger.handleInstanceStatusChangedEvent(de.codecentric.boot.admin.server.domain.events.InstanceStatusChangedEvent)=@org.springframework.context.event.EventListener(classes={}, condition="", id="", value={})}
2024-12-18 17:56:01 DEBUG d.c.b.a.s.w.s.AdminControllerHandlerMapping - Mapped to de.codecentric.boot.admin.server.ui.web.UiController#index()
2024-12-18 17:56:04 DEBUG d.c.b.a.s.w.s.AdminControllerHandlerMapping - Mapped to de.codecentric.boot.admin.server.web.InstancesController#register(Registration, UriComponentsBuilder)
2024-12-18 17:56:04 DEBUG d.c.b.a.s.web.InstancesController - Register instance Registration(name=client-gradle, managementUrl=http://localhost:8081/actuator/actuator, healthUrl=http://localhost:8081/actuator/health, serviceUrl=http://localhost:8081, source=http-api)
2024-12-18 17:56:04 DEBUG d.c.b.a.s.e.ConcurrentMapEventStore - Events appended to log [InstanceRegisteredEvent(super=InstanceEvent(instance=59e4a3e24443, version=0, timestamp=2024-12-18T12:26:04.387644300Z, type=REGISTERED), registration=Registration(name=client-gradle, managementUrl=http://localhost:8081/actuator/actuator, healthUrl=http://localhost:8081/actuator/health, serviceUrl=http://localhost:8081, source=http-api))]
2024-12-18 17:56:04 DEBUG d.c.b.a.s.e.InstanceEventPublisher - Event published InstanceRegisteredEvent(super=InstanceEvent(instance=59e4a3e24443, version=0, timestamp=2024-12-18T12:26:04.387644300Z, type=REGISTERED), registration=Registration(name=client-gradle, managementUrl=http://localhost:8081/actuator/actuator, healthUrl=http://localhost:8081/actuator/health, serviceUrl=http://localhost:8081, source=http-api))
2024-12-18 17:56:04 DEBUG d.c.b.a.s.w.s.AdminControllerHandlerMapping - Mapped to de.codecentric.boot.admin.server.ui.web.UiController#sbaSettings()
2024-12-18 17:56:04 DEBUG d.c.b.a.s.w.s.AdminControllerHandlerMapping - Mapped to de.codecentric.boot.admin.server.ui.web.UiController#variablesCss()
2024-12-18 17:56:06 DEBUG d.c.b.a.s.w.s.AdminControllerHandlerMapping - Mapped to de.codecentric.boot.admin.server.web.ApplicationsController#applications()
2024-12-18 17:56:07 DEBUG d.c.b.a.s.w.s.AdminControllerHandlerMapping - Mapped to de.codecentric.boot.admin.server.web.ApplicationsController#applicationsStream()
2024-12-18 17:56:11 DEBUG d.c.b.a.s.e.ConcurrentMapEventStore - Events appended to log [InstanceStatusChangedEvent(super=InstanceEvent(instance=59e4a3e24443, version=1, timestamp=2024-12-18T12:26:11.860328700Z, type=STATUS_CHANGED), statusInfo=StatusInfo(status=UP, details={diskSpace={status=UP, details={total=511058112512, free=330983825408, threshold=10485760, path=C:\Users\Admin\Documents\monorepo\., exists=true}}, ping={status=UP}}))]
2024-12-18 17:56:11 DEBUG d.c.b.a.s.e.InstanceEventPublisher - Event published InstanceStatusChangedEvent(super=InstanceEvent(instance=59e4a3e24443, version=1, timestamp=2024-12-18T12:26:11.860328700Z, type=STATUS_CHANGED), statusInfo=StatusInfo(status=UP, details={diskSpace={status=UP, details={total=511058112512, free=330983825408, threshold=10485760, path=C:\Users\Admin\Documents\monorepo\., exists=true}}, ping={status=UP}}))
2024-12-18 17:56:13 DEBUG d.c.b.a.s.w.s.AdminControllerHandlerMapping - Mapped to de.codecentric.boot.admin.server.web.InstancesController#register(Registration, UriComponentsBuilder)
2024-12-18 17:56:13 DEBUG d.c.b.a.s.web.InstancesController - Register instance Registration(name=client-gradle, managementUrl=http://localhost:8081/actuator/actuator, healthUrl=http://localhost:8081/actuator/health, serviceUrl=http://localhost:8081, source=http-api)
2024-12-18 17:56:23 DEBUG d.c.b.a.s.w.s.AdminControllerHandlerMapping - Mapped to de.codecentric.boot.admin.server.web.InstancesController#register(Registration, UriComponentsBuilder)
2024-12-18 17:56:23 DEBUG d.c.b.a.s.web.InstancesController - Register instance Registration(name=client-gradle, managementUrl=http://localhost:8081/actuator/actuator, healthUrl=http://localhost:8081/actuator/health, serviceUrl=http://localhost:8081, source=http-api)
2024-12-18 17:56:33 DEBUG d.c.b.a.s.w.s.AdminControllerHandlerMapping - Mapped to de.codecentric.boot.admin.server.web.InstancesController#register(Registration, UriComponentsBuilder)
2024-12-18 17:56:33 DEBUG d.c.b.a.s.web.InstancesController - Register instance Registration(name=client-gradle, managementUrl=http://localhost:8081/actuator/actuator, healthUrl=http://localhost:8081/actuator/health, serviceUrl=http://localhost:8081, source=http-api)
2024-12-18 17:56:43 DEBUG d.c.b.a.s.w.s.AdminControllerHandlerMapping - Mapped to de.codecentric.boot.admin.server.web.InstancesController#register(Registration, UriComponentsBuilder)
2024-12-18 17:56:43 DEBUG d.c.b.a.s.web.InstancesController - Register instance Registration(name=client-gradle, managementUrl=http://localhost:8081/actuator/actuator, healthUrl=http://localhost:8081/actuator/health, serviceUrl=http://localhost:8081, source=http-api)
2024-12-18 17:57:10 DEBUG d.c.b.a.s.e.ConcurrentMapEventStore - Events appended to log [InstanceStatusChangedEvent(super=InstanceEvent(instance=59e4a3e24443, version=2, timestamp=2024-12-18T12:27:10.671367500Z, type=STATUS_CHANGED), statusInfo=StatusInfo(status=OFFLINE, details={exception=org.springframework.web.reactive.function.client.WebClientRequestException, message=Connection refused: getsockopt: localhost/127.0.0.1:8081}))]
2024-12-18 17:57:10 DEBUG d.c.b.a.s.e.InstanceEventPublisher - Event published InstanceStatusChangedEvent(super=InstanceEvent(instance=59e4a3e24443, version=2, timestamp=2024-12-18T12:27:10.671367500Z, type=STATUS_CHANGED), statusInfo=StatusInfo(status=OFFLINE, details={exception=org.springframework.web.reactive.function.client.WebClientRequestException, message=Connection refused: getsockopt: localhost/127.0.0.1:8081}))
